
[TestSetValidations/set_unkonwn_workspaces - 1]
sway-setter -t unknown --print <<EOF
[
  {
    "id": 1,
    "name": "1",
    "output": "HDMI-A-0",
    "focused": true
  }
]
EOF
Error: type `unknown` is not supported

Supported types
 set_workspaces: set workspaces from `swaymsg -t get_workspaces`
 set_outputs: set outputs from `swaymsg -t get_outputs`
exit status 1

---
